uv run python -c "from speech_recognition import SpeechCommandsDataset; SpeechCommandsDataset(auto_download=True, only_1sec_samples=True, use_smaller_dataset=False, use_extended_dataset=False); SpeechCommandsDataset(auto_download=True, only_1sec_samples=True, use_smaller_dataset=True, use_extended_dataset=False); SpeechCommandsDataset(auto_download=True, only_1sec_samples=True, use_smaller_dataset=False, use_extended_dataset=True)"
2026-04-13 22:48:09,113 - speech_recognition.dataset.manager - INFO - Saved unknown origin mapping CSV with 51039 rows: /Users/pawelp/Desktop/education/pw/deepl/speech-recognition/src/../data/kaggle_speech_commands/tensorflow-speech-recognition-challenge/train/split_lists/unknown_origin_labels.csv
2026-04-13 22:48:10,978 - speech_recognition.dataset.manager - INFO - Command-only lists saved: train=18965, val=2347, test=2370
2026-04-13 22:48:11,059 - speech_recognition.dataset.manager - INFO - Small command-only lists saved with fixed per-class sizes: train=10000, val=2500, test=2500
2026-04-13 22:48:16,969 - speech_recognition.dataset.manager - INFO - Extended balanced lists saved: train=38249, val=4733, test=4780
2026-04-13 22:48:17,416 - speech_recognition.dataset.manager - INFO - Building splits using official lists (training=18965, validation=2347, testing=2370)
2026-04-13 22:48:17,875 - speech_recognition.dataset.manager - INFO - Normalizing split durations for 1-second mode: short clips are zero-padded, long clips are excluded.
2026-04-13 22:48:20,192 - speech_recognition.dataset.manager - INFO - 1-second normalization summary: train padded=1914 dropped_long=0, val padded=236 dropped_long=0, test padded=220 dropped_long=0
2026-04-13 22:48:20,192 - speech_recognition.dataset.manager - INFO - Built splits with counts: train=18965, val=2347, test=2370
2026-04-13 22:48:20,215 - speech_recognition.dataset.manager - INFO - Dataset initialized with split sizes: {'train': 18965, 'val': 2347, 'test': 2370}
2026-04-13 22:48:21,512 - speech_recognition.dataset.manager - INFO - Saved unknown origin mapping CSV with 51039 rows: /Users/pawelp/Desktop/education/pw/deepl/speech-recognition/src/../data/kaggle_speech_commands/tensorflow-speech-recognition-challenge/train/split_lists/unknown_origin_labels.csv
2026-04-13 22:48:23,386 - speech_recognition.dataset.manager - INFO - Command-only lists saved: train=18965, val=2347, test=2370
2026-04-13 22:48:23,465 - speech_recognition.dataset.manager - INFO - Small command-only lists saved with fixed per-class sizes: train=10000, val=2500, test=2500
2026-04-13 22:48:28,580 - speech_recognition.dataset.manager - INFO - Extended balanced lists saved: train=38249, val=4733, test=4780
2026-04-13 22:48:29,111 - speech_recognition.dataset.manager - INFO - Building splits using official lists (training=10000, validation=2500, testing=2500)
2026-04-13 22:48:29,585 - speech_recognition.dataset.manager - INFO - Normalizing split durations for 1-second mode: short clips are zero-padded, long clips are excluded.
2026-04-13 22:48:31,246 - speech_recognition.dataset.manager - INFO - 1-second normalization summary: train padded=1013 dropped_long=0, val padded=257 dropped_long=0, test padded=259 dropped_long=0
2026-04-13 22:48:31,246 - speech_recognition.dataset.manager - INFO - Built splits with counts: train=10000, val=2500, test=2500
2026-04-13 22:48:31,270 - speech_recognition.dataset.manager - INFO - Dataset initialized with split sizes: {'train': 10000, 'val': 2500, 'test': 2500}
2026-04-13 22:48:32,502 - speech_recognition.dataset.manager - INFO - Saved unknown origin mapping CSV with 51039 rows: /Users/pawelp/Desktop/education/pw/deepl/speech-recognition/src/../data/kaggle_speech_commands/tensorflow-speech-recognition-challenge/train/split_lists/unknown_origin_labels.csv
2026-04-13 22:48:32,503 - speech_recognition.dataset.unknown - INFO - Creating __unknown__ label samples as interpolation of existing samples.
2026-04-13 22:48:34,776 - speech_recognition.dataset.manager - INFO - Command-only lists saved: train=18965, val=2347, test=2370
2026-04-13 22:48:34,858 - speech_recognition.dataset.manager - INFO - Small command-only lists saved with fixed per-class sizes: train=10000, val=2500, test=2500
2026-04-13 22:48:40,107 - speech_recognition.dataset.manager - INFO - Extended balanced lists saved: train=38249, val=4733, test=4780
2026-04-13 22:48:40,617 - speech_recognition.dataset.manager - INFO - Building splits using official lists (training=38249, validation=4733, testing=4780)
2026-04-13 22:48:42,168 - speech_recognition.dataset.manager - INFO - Normalizing split durations for 1-second mode: short clips are zero-padded, long clips are excluded.
2026-04-13 22:48:47,266 - speech_recognition.dataset.manager - INFO - 1-second normalization summary: train padded=4837 dropped_long=0, val padded=622 dropped_long=0, test padded=577 dropped_long=0
2026-04-13 22:48:47,266 - speech_recognition.dataset.manager - INFO - Built splits with counts: train=38249, val=4733, test=4780
2026-04-13 22:48:47,281 - speech_recognition.dataset.manager - INFO - Dataset initialized with split sizes: {'train': 38249, 'val': 4733, 'test': 4780}
