uv run python -c "from speech_recognition import SpeechCommandsDataset; SpeechCommandsDataset(auto_download=True, only_1sec_samples=True, use_smaller_dataset=False, use_extended_dataset=False); SpeechCommandsDataset(auto_download=True, only_1sec_samples=True, use_smaller_dataset=True, use_extended_dataset=False); SpeechCommandsDataset(auto_download=True, only_1sec_samples=True, use_smaller_dataset=False, use_extended_dataset=True)"
2026-04-14 11:22:52,348 - speech_recognition.dataset.manager - INFO - Preparing dataset download into '/Users/pawelp/Desktop/education/pw/deepl/speech-recognition/src/../data/kaggle_speech_commands' (force=False)
Downloading to /Users/pawelp/Desktop/education/pw/deepl/speech-recognition/src/../data/kaggle_speech_commands/tensorflow-speech-recognition-challenge.archive...
Extracting files...
2026-04-14 11:57:22,383 - speech_recognition.dataset.manager - INFO - Kaggle download completed. Downloaded root: /Users/pawelp/Desktop/education/pw/deepl/speech-recognition/data/kaggle_speech_commands
2026-04-14 11:57:22,384 - speech_recognition.dataset.manager - INFO - Staging dataset from '/Users/pawelp/Desktop/education/pw/deepl/speech-recognition/data/kaggle_speech_commands' into '/Users/pawelp/Desktop/education/pw/deepl/speech-recognition/src/../data/kaggle_speech_commands/tensorflow-speech-recognition-challenge'
2026-04-14 11:57:27,995 - speech_recognition.dataset.manager - INFO - Expected layout missing after copy. Attempting nested layout reconciliation.
2026-04-14 11:57:27,996 - speech_recognition.dataset.manager - INFO - Expected layout still missing. Attempting archive extraction.
2026-04-14 11:57:27,996 - speech_recognition.dataset.manager - INFO - Found archives to extract: ['train.7z', 'test.7z']
2026-04-14 11:57:27,996 - speech_recognition.dataset.manager - INFO - Extracting 'train.7z' using '7zz'
2026-04-14 11:57:28,009 - speech_recognition.dataset.manager - INFO - Extracting 'train.7z' using '7z'
2026-04-14 11:57:28,133 - speech_recognition.dataset.manager - INFO - Extracting 'train.7z' using py7zr fallback
2026-04-14 11:59:19,183 - speech_recognition.dataset.manager - INFO - Extraction complete for 'train.7z'
2026-04-14 11:59:19,184 - speech_recognition.dataset.manager - INFO - Extracting 'test.7z' using '7zz'
2026-04-14 11:59:19,189 - speech_recognition.dataset.manager - INFO - Extracting 'test.7z' using '7z'
2026-04-14 11:59:19,192 - speech_recognition.dataset.manager - INFO - Extracting 'test.7z' using py7zr fallback
2026-04-14 12:01:41,132 - speech_recognition.dataset.manager - INFO - Extraction complete for 'test.7z'
2026-04-14 12:01:41,134 - speech_recognition.dataset.manager - INFO - Dataset staged successfully at '/Users/pawelp/Desktop/education/pw/deepl/speech-recognition/src/../data/kaggle_speech_commands/tensorflow-speech-recognition-challenge'
2026-04-14 12:01:41,134 - speech_recognition.dataset.manager - INFO - Splitting background noise samples into 1-second segments and moving originals to a separate directory.
2026-04-14 12:01:42,540 - speech_recognition.dataset.manager - INFO - Saved unknown origin mapping CSV with 41039 rows: /Users/pawelp/Desktop/education/pw/deepl/speech-recognition/src/../data/kaggle_speech_commands/tensorflow-speech-recognition-challenge/train/split_lists/unknown_origin_labels.csv
2026-04-14 12:01:44,315 - speech_recognition.dataset.manager - INFO - Command-only lists saved: train=23682, val=0, test=0
2026-04-14 12:01:44,395 - speech_recognition.dataset.manager - INFO - Small command-only lists saved with fixed per-class sizes: train=10000, val=2500, test=2500
2026-04-14 12:01:49,292 - speech_recognition.dataset.manager - INFO - Extended balanced lists saved: train=44078, val=1, test=1
2026-04-14 12:01:49,815 - speech_recognition.dataset.manager - INFO - Official split lists not found. Creating random splits (val_ratio=0.1, test_ratio=0.1, seed=42).
2026-04-14 12:01:50,302 - speech_recognition.dataset.manager - INFO - Saved random split path lists: training=18946, validation=2368, testing=2368
2026-04-14 12:01:50,303 - speech_recognition.dataset.manager - INFO - Normalizing split durations for 1-second mode: short clips are zero-padded, long clips are excluded.
2026-04-14 12:01:55,227 - speech_recognition.dataset.manager - INFO - 1-second normalization summary: train padded=1854 dropped_long=0, val padded=254 dropped_long=0, test padded=262 dropped_long=0
2026-04-14 12:01:55,227 - speech_recognition.dataset.manager - INFO - Built splits with counts: train=18946, val=2368, test=2368
2026-04-14 12:01:55,255 - speech_recognition.dataset.manager - INFO - Dataset initialized with split sizes: {'train': 18946, 'val': 2368, 'test': 2368}
2026-04-14 12:01:56,339 - speech_recognition.dataset.manager - INFO - Saved unknown origin mapping CSV with 41039 rows: /Users/pawelp/Desktop/education/pw/deepl/speech-recognition/src/../data/kaggle_speech_commands/tensorflow-speech-recognition-challenge/train/split_lists/unknown_origin_labels.csv
2026-04-14 12:01:58,019 - speech_recognition.dataset.manager - INFO - Command-only lists saved: train=18946, val=2368, test=2368
2026-04-14 12:01:58,093 - speech_recognition.dataset.manager - INFO - Small command-only lists saved with fixed per-class sizes: train=10000, val=2500, test=2500
2026-04-14 12:02:01,091 - speech_recognition.dataset.manager - INFO - Extended balanced lists saved: train=38210, val=4776, test=4776
2026-04-14 12:02:01,615 - speech_recognition.dataset.manager - INFO - Building splits using official lists (training=10000, validation=2500, testing=2500)
2026-04-14 12:02:02,116 - speech_recognition.dataset.manager - INFO - Normalizing split durations for 1-second mode: short clips are zero-padded, long clips are excluded.
2026-04-14 12:02:03,216 - speech_recognition.dataset.manager - INFO - 1-second normalization summary: train padded=1013 dropped_long=0, val padded=257 dropped_long=0, test padded=259 dropped_long=0
2026-04-14 12:02:03,216 - speech_recognition.dataset.manager - INFO - Built splits with counts: train=10000, val=2500, test=2500
2026-04-14 12:02:03,246 - speech_recognition.dataset.manager - INFO - Dataset initialized with split sizes: {'train': 10000, 'val': 2500, 'test': 2500}
2026-04-14 12:02:03,257 - speech_recognition.dataset.unknown - INFO - Creating __unknown__ label samples as interpolation of existing samples.
2026-04-14 12:03:05,252 - speech_recognition.dataset.unknown - WARNING - Skipping interpolation of ['/Users/pawelp/Desktop/education/pw/deepl/speech-recognition/src/../data/kaggle_speech_commands/tensorflow-speech-recognition-challenge/train/audio/zero/23ad12d8_nohash_2.wav', '/Users/pawelp/Desktop/education/pw/deepl/speech-recognition/src/../data/kaggle_speech_commands/tensorflow-speech-recognition-challenge/train/audio/seven/8f4c551f_nohash_4.wav'] because no blended audio was produced.
2026-04-14 12:03:39,512 - speech_recognition.dataset.unknown - WARNING - Skipping interpolation of ['/Users/pawelp/Desktop/education/pw/deepl/speech-recognition/src/../data/kaggle_speech_commands/tensorflow-speech-recognition-challenge/train/audio/happy/16d41d07_nohash_0.wav', '/Users/pawelp/Desktop/education/pw/deepl/speech-recognition/src/../data/kaggle_speech_commands/tensorflow-speech-recognition-challenge/train/audio/seven/94de6a6a_nohash_2.wav', '/Users/pawelp/Desktop/education/pw/deepl/speech-recognition/src/../data/kaggle_speech_commands/tensorflow-speech-recognition-challenge/train/audio/bird/3e7124ba_nohash_0.wav'] because no blended audio was produced.
2026-04-14 12:05:07,824 - speech_recognition.dataset.unknown - WARNING - Skipping interpolation of ['/Users/pawelp/Desktop/education/pw/deepl/speech-recognition/src/../data/kaggle_speech_commands/tensorflow-speech-recognition-challenge/train/audio/zero/d90b4138_nohash_2.wav', '/Users/pawelp/Desktop/education/pw/deepl/speech-recognition/src/../data/kaggle_speech_commands/tensorflow-speech-recognition-challenge/train/audio/two/c948d727_nohash_0.wav', '/Users/pawelp/Desktop/education/pw/deepl/speech-recognition/src/../data/kaggle_speech_commands/tensorflow-speech-recognition-challenge/train/audio/three/9d050657_nohash_0.wav'] because no blended audio was produced.
2026-04-14 12:11:40,960 - speech_recognition.dataset.unknown - WARNING - Skipping interpolation of ['/Users/pawelp/Desktop/education/pw/deepl/speech-recognition/src/../data/kaggle_speech_commands/tensorflow-speech-recognition-challenge/train/audio/sheila/686d030b_nohash_0.wav', '/Users/pawelp/Desktop/education/pw/deepl/speech-recognition/src/../data/kaggle_speech_commands/tensorflow-speech-recognition-challenge/train/audio/bird/39dce8cc_nohash_0.wav', '/Users/pawelp/Desktop/education/pw/deepl/speech-recognition/src/../data/kaggle_speech_commands/tensorflow-speech-recognition-challenge/train/audio/seven/8f4c551f_nohash_4.wav'] because no blended audio was produced.
2026-04-14 12:13:06,221 - speech_recognition.dataset.unknown - WARNING - Skipping interpolation of ['/Users/pawelp/Desktop/education/pw/deepl/speech-recognition/src/../data/kaggle_speech_commands/tensorflow-speech-recognition-challenge/train/audio/zero/6adb8ad9_nohash_1.wav', '/Users/pawelp/Desktop/education/pw/deepl/speech-recognition/src/../data/kaggle_speech_commands/tensorflow-speech-recognition-challenge/train/audio/happy/c1b7c224_nohash_0.wav', '/Users/pawelp/Desktop/education/pw/deepl/speech-recognition/src/../data/kaggle_speech_commands/tensorflow-speech-recognition-challenge/train/audio/seven/8f4c551f_nohash_4.wav'] because no blended audio was produced.
2026-04-14 12:17:01,193 - speech_recognition.dataset.unknown - WARNING - Skipping interpolation of ['/Users/pawelp/Desktop/education/pw/deepl/speech-recognition/src/../data/kaggle_speech_commands/tensorflow-speech-recognition-challenge/train/audio/dog/e62056e2_nohash_0.wav', '/Users/pawelp/Desktop/education/pw/deepl/speech-recognition/src/../data/kaggle_speech_commands/tensorflow-speech-recognition-challenge/train/audio/two/069ab0d5_nohash_1.wav', '/Users/pawelp/Desktop/education/pw/deepl/speech-recognition/src/../data/kaggle_speech_commands/tensorflow-speech-recognition-challenge/train/audio/bird/3e7124ba_nohash_0.wav'] because no blended audio was produced.
2026-04-14 12:19:34,079 - speech_recognition.dataset.unknown - WARNING - Skipping interpolation of ['/Users/pawelp/Desktop/education/pw/deepl/speech-recognition/src/../data/kaggle_speech_commands/tensorflow-speech-recognition-challenge/train/audio/dog/00f0204f_nohash_1.wav', '/Users/pawelp/Desktop/education/pw/deepl/speech-recognition/src/../data/kaggle_speech_commands/tensorflow-speech-recognition-challenge/train/audio/four/b97c9f77_nohash_0.wav', '/Users/pawelp/Desktop/education/pw/deepl/speech-recognition/src/../data/kaggle_speech_commands/tensorflow-speech-recognition-challenge/train/audio/bird/3e7124ba_nohash_0.wav'] because no blended audio was produced.
2026-04-14 12:20:05,270 - speech_recognition.dataset.unknown - WARNING - Skipping interpolation of ['/Users/pawelp/Desktop/education/pw/deepl/speech-recognition/src/../data/kaggle_speech_commands/tensorflow-speech-recognition-challenge/train/audio/seven/8f4c551f_nohash_4.wav', '/Users/pawelp/Desktop/education/pw/deepl/speech-recognition/src/../data/kaggle_speech_commands/tensorflow-speech-recognition-challenge/train/audio/bird/5705a0f9_nohash_1.wav', '/Users/pawelp/Desktop/education/pw/deepl/speech-recognition/src/../data/kaggle_speech_commands/tensorflow-speech-recognition-challenge/train/audio/nine/f59d0771_nohash_0.wav'] because no blended audio was produced.
2026-04-14 12:20:34,197 - speech_recognition.dataset.unknown - WARNING - Skipping interpolation of ['/Users/pawelp/Desktop/education/pw/deepl/speech-recognition/src/../data/kaggle_speech_commands/tensorflow-speech-recognition-challenge/train/audio/eight/7cf14c54_nohash_1.wav', '/Users/pawelp/Desktop/education/pw/deepl/speech-recognition/src/../data/kaggle_speech_commands/tensorflow-speech-recognition-challenge/train/audio/zero/d90b4138_nohash_2.wav', '/Users/pawelp/Desktop/education/pw/deepl/speech-recognition/src/../data/kaggle_speech_commands/tensorflow-speech-recognition-challenge/train/audio/wow/09ddc105_nohash_0.wav'] because no blended audio was produced.
2026-04-14 12:21:30,669 - speech_recognition.dataset.unknown - WARNING - Skipping interpolation of ['/Users/pawelp/Desktop/education/pw/deepl/speech-recognition/src/../data/kaggle_speech_commands/tensorflow-speech-recognition-challenge/train/audio/three/10ace7eb_nohash_0.wav', '/Users/pawelp/Desktop/education/pw/deepl/speech-recognition/src/../data/kaggle_speech_commands/tensorflow-speech-recognition-challenge/train/audio/happy/4bb1244f_nohash_0.wav', '/Users/pawelp/Desktop/education/pw/deepl/speech-recognition/src/../data/kaggle_speech_commands/tensorflow-speech-recognition-challenge/train/audio/seven/8f4c551f_nohash_4.wav'] because no blended audio was produced.
2026-04-14 12:22:49,079 - speech_recognition.dataset.unknown - WARNING - Skipping interpolation of ['/Users/pawelp/Desktop/education/pw/deepl/speech-recognition/src/../data/kaggle_speech_commands/tensorflow-speech-recognition-challenge/train/audio/house/cb164eea_nohash_1.wav', '/Users/pawelp/Desktop/education/pw/deepl/speech-recognition/src/../data/kaggle_speech_commands/tensorflow-speech-recognition-challenge/train/audio/cat/079dfce3_nohash_0.wav', '/Users/pawelp/Desktop/education/pw/deepl/speech-recognition/src/../data/kaggle_speech_commands/tensorflow-speech-recognition-challenge/train/audio/wow/cc6ee39b_nohash_0.wav'] because no blended audio was produced.
2026-04-14 12:23:50,008 - speech_recognition.dataset.unknown - WARNING - Skipping interpolation of ['/Users/pawelp/Desktop/education/pw/deepl/speech-recognition/src/../data/kaggle_speech_commands/tensorflow-speech-recognition-challenge/train/audio/wow/1e31353f_nohash_1.wav', '/Users/pawelp/Desktop/education/pw/deepl/speech-recognition/src/../data/kaggle_speech_commands/tensorflow-speech-recognition-challenge/train/audio/zero/d90b4138_nohash_2.wav', '/Users/pawelp/Desktop/education/pw/deepl/speech-recognition/src/../data/kaggle_speech_commands/tensorflow-speech-recognition-challenge/train/audio/tree/b72e58c9_nohash_0.wav'] because no blended audio was produced.
2026-04-14 12:26:45,275 - speech_recognition.dataset.unknown - WARNING - Skipping interpolation of ['/Users/pawelp/Desktop/education/pw/deepl/speech-recognition/src/../data/kaggle_speech_commands/tensorflow-speech-recognition-challenge/train/audio/eight/f3d06008_nohash_0.wav', '/Users/pawelp/Desktop/education/pw/deepl/speech-recognition/src/../data/kaggle_speech_commands/tensorflow-speech-recognition-challenge/train/audio/bird/3e7124ba_nohash_0.wav', '/Users/pawelp/Desktop/education/pw/deepl/speech-recognition/src/../data/kaggle_speech_commands/tensorflow-speech-recognition-challenge/train/audio/marvin/1c3f50ad_nohash_0.wav'] because no blended audio was produced.
2026-04-14 12:29:48,807 - speech_recognition.dataset.manager - INFO - Saved unknown origin mapping CSV with 78195 rows: /Users/pawelp/Desktop/education/pw/deepl/speech-recognition/src/../data/kaggle_speech_commands/tensorflow-speech-recognition-challenge/train/split_lists/unknown_origin_labels.csv
2026-04-14 12:29:50,718 - speech_recognition.dataset.manager - INFO - Command-only lists saved: train=18946, val=2368, test=2368
2026-04-14 12:29:50,795 - speech_recognition.dataset.manager - INFO - Small command-only lists saved with fixed per-class sizes: train=10000, val=2500, test=2500
2026-04-14 12:29:53,367 - speech_recognition.dataset.manager - INFO - Extended balanced lists saved: train=38210, val=4776, test=4776
2026-04-14 12:29:53,836 - speech_recognition.dataset.manager - INFO - Building splits using official lists (training=38210, validation=4776, testing=4776)
2026-04-14 12:29:55,331 - speech_recognition.dataset.manager - INFO - Normalizing split durations for 1-second mode: short clips are zero-padded, long clips are excluded.
2026-04-14 12:29:58,845 - speech_recognition.dataset.manager - INFO - 1-second normalization summary: train padded=3766 dropped_long=0, val padded=496 dropped_long=0, test padded=473 dropped_long=0
2026-04-14 12:29:58,845 - speech_recognition.dataset.manager - INFO - Built splits with counts: train=38210, val=4776, test=4776
2026-04-14 12:29:58,861 - speech_recognition.dataset.manager - INFO - Dataset initialized with split sizes: {'train': 38210, 'val': 4776, 'test': 4776}
